모델(하이퍼파라미터 고정)                      RMSE    ±SE   MAPE%      중심     중간      에지
-------------------------------------------------------------------------------
대칭성 능형 [quad]                      163.2   23.8    5.83    48.9   83.1   318.2
PLS 3성분 [quad]                     164.0   22.6    5.73    43.4   87.3   320.3
반경별 능형 [quad]                      168.1   26.0    6.59    63.2   87.6   322.3
반경별 능형 [zone]                      169.2   28.1    6.13    52.6   82.1   330.5
반경별 능형 [phys]                      174.1   29.4    5.97    44.8   83.9   343.1
대칭성 능형 [zone+ring]                 178.7   28.8    6.48    58.0   85.5   348.5
저계수 능형 rank3                       178.7   28.3    6.59    57.4   89.1   347.7
반경별 능형 [zone+ring]                 179.1   28.7    6.55    58.4   87.6   348.7
PLS 2성분 [zone+ring]                181.4   26.5    8.40   103.6  104.4   325.4
대칭성 PLS [zone+ring]                181.9   26.7    8.36   103.2  102.0   327.7
신경망 MLP                            195.4   31.7    7.06    66.4   85.4   382.4
GPR 다출력                            202.3   32.4    6.80    55.7   87.3   400.4
랜덤포레스트                             227.5   31.5    9.82   110.5  124.3   422.3
Preston 스케일(기준선)                   282.6   30.4   11.72   104.4  131.8   547.4
평균 프로파일(기준선)                       408.7   42.3   24.65   278.5  307.7   664.6
-------------------------------------------------------------------------------
반복실험 순수오차 (하한)                     118.4                   40.0   46.0   162.0

최고 모델 대비 1 SE(=24) 이내 = 통계적으로 구분 불가:
   대칭성 능형 [quad]  (163.2)
   PLS 3성분 [quad]  (164.0)
   반경별 능형 [quad]  (168.1)
   반경별 능형 [zone]  (169.2)
   반경별 능형 [phys]  (174.1)
   대칭성 능형 [zone+ring]  (178.7)
   저계수 능형 rank3  (178.7)
   반경별 능형 [zone+ring]  (179.1)
   PLS 2성분 [zone+ring]  (181.4)
   대칭성 PLS [zone+ring]  (181.9)
